// Jest Snapshot v1, https://goo.gl/fbAQLP

exports[`Linear Progress renders 1`] = `
<div
  className="flex justify-around items-center w-full"
>
  <div
    className="sc-jEsDcK eyINax"
  >
    <div
      className="sc-hYbzA-d gLHoru"
      value={30}
    />
    <div
      className="sc-kOZHUs eXpzTg"
    >
      <span>
        Progress
      </span>
    </div>
  </div>
  <div
    className="sc-jEsDcK eyINax"
  >
    <div
      className="sc-hYbzA-d leKFDB"
      height={5}
      value={30}
    />
    <div
      className="sc-kOZHUs ksEhr"
    >
      <span>
        Progress
      </span>
    </div>
  </div>
</div>
`;
